23:56:53 **** Incremental Build of configuration Debug for project laba_3 ****
make -j12 all 
arm-none-eabi-gcc "../Core/Src/stm32f4xx_it.c" -mcpu=cortex-m4 -std=gnu11 -g3 -DDEBUG -DUSE_HAL_DRIVER -DSTM32F407xx -c -I../Core/Inc -I../Drivers/STM32F4xx_HAL_Driver/Inc -I../Drivers/STM32F4xx_HAL_Driver/Inc/Legacy -I../Drivers/CMSIS/Device/ST/STM32F4xx/Include -I../Drivers/CMSIS/Include -O0 -ffunction-sections -fdata-sections -Wall -fstack-usage -fcyclomatic-complexity -MMD -MP -MF"Core/Src/stm32f4xx_it.d" -MT"Core/Src/stm32f4xx_it.o" --specs=nano.specs -mfpu=fpv4-sp-d16 -mfloat-abi=hard -mthumb -o "Core/Src/stm32f4xx_it.o"
arm-none-eabi-gcc -o "laba_3.elf" @"objects.list"   -mcpu=cortex-m4 -T"C:\Users\georg\Documents\stm_labs\laba_3\STM32F407VGTX_FLASH.ld" --specs=nosys.specs -Wl,-Map="laba_3.map" -Wl,--gc-sections -static --specs=nano.specs -mfpu=fpv4-sp-d16 -mfloat-abi=hard -mthumb -Wl,--start-group -lc -lm -Wl,--end-group
Finished building target: laba_3.elf
 
arm-none-eabi-size   laba_3.elf 
arm-none-eabi-objdump -h -S  laba_3.elf  > "laba_3.list"
   text	   data	    bss	    dec	    hex	filename
   6472	     20	   1572	   8064	   1f80	laba_3.elf
Finished building: default.size.stdout
 
Finished building: laba_3.list
 

23:56:54 Build Finished. 0 errors, 0 warnings. (took 660ms)

